MMPFPWPPFMMMWFWFMWMFMPFMPWWWFFFMWPMPWFFFWWWFWWPPWFFMMWMFWPPMPMPPWMWWMFPPFMWFFFMFWFFWFFPWFFPFPWPMPMFWPPPWWWWFMFMPPWMFWWPWWPFMPPFPFFFFWMFWPMPWFMFPPPMMFPFFPPPFWMWPMPMPMPWWFFFPMFFMWMMFMPMPWMMPWPPFPFPFFFMF
FWMPFWPFPMPFFWPFPMMPMFWPWWWPWMPFPMMMFMFMPMFWWPWMMFPMFWFFPPFMMWPMPWWFMPPFPFMPPFMMPFMWPPWMWWPMPFMFFFPFFMPWPFPMMWMPMPFMWMPFMMMFWFMFFMFWFMMFFWWPFPFPPMPWWWPMMMFFPPPWPMWWMWPFFWMMWPWPFFFPMMWPMWPWMWMMWMWPPPMP
FFMPMFWPWWFWFFFMFFMPMFWPPPMFWFPFPPWWPPFMPMWFPWPWMWPFFPWMWPFMMMWMMFMWFFFPPMPPFFMWMWPMPFPMFWWMWMWWPMWFWMPMFMMWFMWFWWWWWPWWPMPMPPMFFWMWFPMWPWPPMPMFWMMFWPWWPMWPMPPPPPFWMWFPWWWMFFWMFFPMWWPWMMWFPPFFWFMFFFWW
MPFWMPWWPMFFFMFFPWPWPMMWWMMWMPFPWWPPWMMPPMMMMWWPFPMWMFWMWMPPFFPMMPMWFWFMWMWFWMWWWMWMWMFWMWMWMFMWFFWWWWMPPPMPFPWWMFWMMFFPMWMFPWPFWMMFPPPMMPWPMMMPMPMWWMWMWPMPFWPPPMFFWPFFWWFPWMPMPMWFMFMMWMFPWPWWFFWMFMMF
MFFPWWWPWMPMWMMWMWPFMWWMPFMPFWWPFPFPMPPFWFPMWWWWFWPMWFFPPWPMWMPMWMMMFWWFWPFPWMWWPFMPWFFFPFPPWPPFFPPFFWPFPMFWFWWWFWPWMFFPPPFFMWPFPPPWFWMWFFPWWWWWPFMFFWFMMPMMFPPFWMPWMMWWPWPMMWPPPMWPFFFWMFMMWPMWPWPFPMFW
MPFWFMMWWMWWFMFPMPFWMPWPFWFFFWMMFFPMPFPMWPMFMWPFMWWWWWFWWWFMMFPMPWMWPPFMMFMFMMFPFMFWFWWFPMWMMPMFPMPPFFWFMWFPMWPFMFMWWWMMMFFPWWFMWPFPFMWMMFFPFFWWPMPFPFFWMPFMMFFPWWPPMFWWWMWFPWWWMWPWFPMWPPPWWWMMMWMPWWPM
WPFPPMWWMMMFPWMFWPWPPMWWFMPPWPWFWFPWFWFPFMWMPPPMMMFFMWMPMPWPFWFPWMPWMWPFMMMWWMWFMPMFMFFFPFPFWFFMWMPMPWWWFPPWFFPMWFMMPMMMWPWFFPWWPWMPMFFWWMMFPFFFFPFWMPWPWFWFPWPPWFWWFWMPPPWMPWPPWWWMWPFPFPPFWPFMWMWMMMMP
WPPPPWPFPFMMMMMPFPFPWMFWWMFMFWWWPPPPWFMPWWFFFFMPWWFMMWPPFFWFPPWPMWWMFMWFWPPWWWPPPMFPFPPFMFMPMWFWMFMWPMFFMFPFPWPWWWPFMFPPFPPWPWMMPFMPPFWFMPWFWFPFMFMPPPPPMMWPPPFFPWWMWFMWWWPWWPFMMMPPMWWPWMFMPWMPFPMWPFPF
MMFFFWWPWPMPFWPMWMWFFFMFMPPFWPFFWMMMWMFWWMMFMWPPPFMFMMFFMFMPPWPMFWMFFWMWWPFWFWPWWPWMPMFMPWWWWPFWMFPFWPMFWWMPFPMMPWMMPPMMMPWPMWMMMPWFMFPPPPMWMFPMFWMFPPMMWPMWFPFPWWFPWMPMMMFWPMWPPMMFWWFWFWWMPWMPFPPMMFPW
PMWFWFMMMPFWPPWFMPFWWPFPWFPFPFPFFWMWPWMWFWPPWMPWWWPWMMFMFPPPPPFPFPFWPWPPWWPPWFMFPFFPFMMWPMMMFWFPMMPPWWPFMWWWFPPWMMMWMWPWWPPFPFFWFPFFFWWWMFWFWFPMFFWFWFMPMMPPPMFFWPMFFPMFWWFPPMFWMMPMPPMPMFWFMFFMPWPWPFMM
PWFPPWFFPMWMPWWMPPPPWMFMWFPFFWPWFPMPFPWWWPMMMMFMPPWMMFPWWWPWPWMWPFFFPWFMMFFWMFMWWMFFMFFPWPFWWPFMWMWMFMWWFFFMFWWFPWPMPWMWFFWPWPWMMPWMMMMPMWWPPFFFWPFPWMWMPWFWMWMPPWMPPPPFFPPPPPFMFWMWFPFWWMMPFMWFFFWFWWPM
WWPMPWFPPFFWPMWFPWMMFMFPMPWFPMPFPFPPMMPFFPFWWPMWFFPWWFMMPMWWWFPFMMMMFWFPPPFPWMMPFPMFFFPMMFWFWPPMFPMMWWMPFFWPWMWFWWPWPMMWFPFFMPWPFWPPWWFPFWMWFFMFPWPFWMMMMFPFMFWPPMFWWMFFWMFPFWWWFWMMFPPMMMWMMMWFWPFWPFFP
MFFFFFWMMFFFPFPMFWFMPPFFWPMWMMMWMFMPPPWWFWWWFMWFPFWFFFMMMFFMWFPMFFWPFFMPFWFFMWWMFPMFPFPPPPWWMMPFFMFWFFWWFPWWFFPMFWFWPFMWFWFWFMWFWWMWMPFPMFMFMWMWWPFFWFPFMWFMMWWWWPPWWMFMWFMMFPFFWWWWFMPFWFWWWFFPFMMFWWWF
FWWFPWMPMMPFWMWPWPFMWMMWPWPWPWWPWPWPWFMWPWMWMFPFWMFFWFWFMPMWWWWWFPMPWPWMMWMWMFPPFMPWWPWWWFWMFMFPMPMMMMWPPMFWPFPFWFWWPPFWWMFPPFPPMWWPWFMWFWFPMWMWFPMFFWMMFFWPPWFPWFPFWWFWMPMWFFFFWPMPFMMFPFWPFFFPFWMMFWWF
MMWFPMMWMMMMMPFPWFFMMPFMMMWFFWFWPWPFPPPMMMFFPFWWFPWFMFWFMFFWMMPPPFMMFPPPFFFWPFMWMPFFMPWPPWWFMPPFWFMWPPWMFWFWMMFPMWFFMPMPMFFPPFMPMPPWPMFPWWMMMPWWFMMPWWPPWMMFWMPMPPWPPMWFFFMWMPFPPMPPWPMFFFFMMPMPMWWFWFWW
FFWFFFMMPPWPWMWWWMMMPMMMMWWMWMWFFMFFWMWMFPFMWMMWMFMFFMPMWMPMPFPMPFWWPMMWMPMWPFPMMMPPFMFWMMFFMFFPMPPFFFPWWFMWFFPWFWMWMPPWWWPWFWPMPPFFWFMWFMPFPFWPFMFWMPFFWWMFPMPMMMFPPFPFWWWPPMPMFWPFPMMPPWPMWPFWMMFWPFWW
PMMMWPPPMWPMPPWWMFFPMPPPPPWFMPPPFPFFMWWFFWFMFMWMMMPFFPFFWFFFPPPMMPPPWPMFFPWPPPPPFPWMMPPMFMPFFFPPFPFWFWPMFMPFMWFPPFPWWWWFPPWMFPWPMMPPPWFPMFPPWMWPWFMFWMMPMMWFWPFWWFPFFMMWPPFFMMMMPWMWMWFMMMMMWMPMFPPPWPMM
WPWPPFFPPMWPWPFMWFWMMWWWMWPPWWFMFWMMFFMWFWWMFPFPPWMMFMWFPFWMWPPPWWWFPPMWFFPMFMPFWWWFPMWMFPMWMPPFWMMMWPFMWMFFFPPWPFWFWPPPMFWFPPFPWWPPPPFFPWPWPPFPFWMMWMFPMFFMMFWWFFPPPWMMWMMMFFMFFMWMMFWFPPMWPFMMMFWFPPPW
WPWFFPFFWWFFPWFPFMFMMWFMMMWWMWMFMMFPPWWFWWPMWFFFWPFWMPFFFMWMPWWWFWFWMWMWMPPWWMMPWFPMPMMPFPPFWPPFFFMPWWPPMWWPMWMWMMFPPPWMFMFPMFPWPWFFPWPMFWFFPPWFFMFPPPFMWWMMMWMMPMMPWMWWMWPFMPFMMFWMWWMFPWWFWFWWMWPWWMMF
FWMWWPPPFMFMMWWWFMFWWMMWMMFWWFPPWFFFFFMFWFPFPWPWMPMMMMPWMFMPPMPPWMPPFWMWPFFMMWWMFWPFWWPFPPPWFWWPMFPWPFFMMFPWFFMFWMWWFWFMMFWPPWFWWPMFFMFFMFPWWFPMWWMMWPWWMWPMFMFPWPWPWFPMFPFPWWMMFMWFFPMFMFPWWPMPFMMFFWFP
MFMPFMPFPMWWFWMMPMPMMPWPPPMFPPPMFWPMPFMMWPPFPFMWPFWPPPWWPPPPWMFWMFWPWMFWPWFMMWMFWMWWMPPPFWWWPMPFWFFMPWPWWWMPMWFFPMWMFMFPWPMPPWFMPWFFMFMMPFPWWFWMWFWWMWPFMWWMWPFWMPPFWWMPPMFFWFMPFWWMMPPWWMPFWFMFPPMPPMPF
PFMFPPPFFPWPMFPMFPFFWWWMMMWMPMFWPFMMWFPPFFPWPPFWWWFPFMFMPFMWFMWFMWFPMMWPMMWMFWPFFFPMMFWWPWWPMWMMWWPMPPMWPMMPPPFFWFPFMFWFPWFWWPWWPPMWFWWMPMMWMPMWPFPFWPWFPMMMWWMMFWWMPPFWFPFMMWMPWMWWFPWFMWFMWWFWMMFFPFWW
MFFFWMFWPWFPFMMWFMFWWFFPWMFMMWPPMMWMPMMMPFWFMFFMWMMPFFWWMWPPFFWMFPWMMMPPWMFPMFMPWPPMPMMMWWMWFMWFPMMMFWFWFMWPPPMWWPWFMWPWFMMWPWWFWFPPFPFFPPWFMFFPWPMWFWMFMFWPWPFMMPWWFFFWMMFPFMWFPFFFMFFFPPFMMWPWWMWMFMWF
FWPPFFMMWWWWWMPFWPFFWPWWPMPWFMWFMFWWPFWFWPMWFPFPPPWFFMMPMFMFMFWPFPMMPFFPPFWPMPPWMMWWMFFMFFPWMPFPFWMMPPMWFMFFMMPWMFPFFMPMPFPMFMWFPWFMPPPPPFMPFWWPFFMMWPFPWWWPWMPFMMWPPPPFFPWFPMFWPPFMFWPMFFWWWWPWMPFMMMWM
MPPPWPMMFPFMPMPFMPPPFWWPFPFMMWFWPFMFMFFFWMFPWPWWMFWWPMMPMFPFPFWPMPFWPPWFPPWFPPMPFWPMWPPWWPMWWWFMMMWMFWFPWMMPWMPWFWWPMMMMFMFWFPFFFMPWPWWMWWFWPPMFFMMMFFWPWMMFPFWWFFPMPFPPFMFPFWPPFFFPMFPPMFWWMPMPFPPMMMFW
FWWMFMWMFWPPPPMPWPMMMMMFWFPFWMPMMPMFWMPFWPFFPMFPPWPPMFPFFFWFWFMFWPFPPMPPFFFWWWMWFFPPMMMFMMWFPWPFPWWMWPWPPWMWFWMFPMWWWMPFPPWWWFPWFMPMFWFWPWMPWPFWWPPPMFPWFWWPFMMPWFWPFFPFPFWMWWWPPFMFWFMMFWPPFFPWFFFPWPFW
WFFPFPWWFFFWPFPFMMPFPPPPWWPMWFMFFWPFWWFWMPFFWFPFPWPPPFFFFMMMMWPMFPWPPPFWWMWMWPFPPPPPPMFWFPWMWWMMMFFWFWPFFFMWPPMWPPMFFFPMMPPWFPWPFWMPPMFMWFMMMFMWFWWFFFWPFMWMWPWMWWFPPWWMMMMWFFFFWWMMPWPMPPPMFWWFWPWFWWPP
MMFFFMMWMFMFMWPMWWWFFMWMWFWMWFWWWPPMWWPWMWPWPFWFFMMPMWPPFPWPFFPWFPFPFWPFFPMWMMWWWWMMPFFMWPFPMFPFPFFPMFPWFFFWWWFPMFFMWMMFWMWFPWMWWPMFMWWWPFPWPWMPFFWWMWWMMPFPWMPPPWMFMMMWFFFWFWWFMMWFFWPFMMWFMMWPWWPWWMMP
MMWMMWWFWPPFPMMMPMMFMFWFMFWFFMMPMMMPWMPMWFWWFWMPFMWMWPWPMPMFWWWWWWMWMFMPPFPMFWPMFFMMPWMPMMMPWFWWPWFPWFFPPMWPFFFFMPWFMFPWMWFFMWPWPPPMWMFMPWMPPWMFWFPMMFWPFPFPPFFMFMPFFPWWWMPMFPFMFPFPMWFWWMWPWPFFFPFPMMMW
PPFWWFPWMPPPMFMPMFPWMWMFFFFFPWPWFFWFMPMPWFWWWMMFFPWPMPFWFFMFFWWMMPFMMMWWFWWPPFWPWFFFMPFMWMFMFMFWWFMWWMWWFPWMFFMMFFWPFMFMFWFPMFFFMMFPWWPFWPWPPWWFMWFPMMWWFPPWWFWPFPFFPWWPPWFFMWWPPMWMWWWMMWFPFMMMPFPFWPFM
PPWPMFMMPWWWFFPMWPFFMWFFPFPFMFMMWPWFPPFMMMFFWWWPWPMWMMWPFWWMPFPMWWFMFPWWMWMWPWMMMPWMPWWPFPFWMMWFFFMMPMPWFFMWPPWMFPWPWMFWMPFFFWPWWPPFFMFPMWFMFMPMWPPMWPPMMFMWWMFFPMMFWWWWPPWWPPFWPMPPFPWMMMMWWPMMFFFPWPPF
MWPWWPFWFFFFPWMWPPFMMWFMPFFMFPWWFFFPWMPFPFFPWPPPPMWPWWPWMMWMPPMFMMMWFFPFPWMWFWPWFMMPFPFFFPPFWFWFFMFMWPWFFWFMWWPPMPWWMPFWPMFPPPPMPPFPFMPMWWFMPPMPPFMWPMMFPMMWMPPPMFMWMPPPFWFMFPPFPFWFWFWFFWPMPMMFMWWPFMFP
WFWPWPPMPPMMFMWWFMPFWFPPFFMWMFMWWPWWWPWWFPPFMPFFPPPWFFFWFFPPMMPWFFWWMWWPWWWWWFFPFWFFMFWWMWMMMFMWMFMPWPMPPPPMPFPFFWWMFPPMFWWFFMPMMFWWPWPWFPFMFPMWPWWPFFMFWWWWPMPFWPPFMWFFFWPMMMWWFMPPMWPWMFFPWFWWPMWMMMPW
WMMFPWWWMWWWFPFPPFFMFMWWMPFMPPMFWWWWWPMFFPFPWPMMPFWMPPWFMFFPFMMPFFWPFMWMFFPPMMPWMWFFMWPMFFFWMMWFPWWFPFPFFFMFWWWWPWMMMFFMWPWPMPFFFWFMMFMMPPPFPPWMFMMPPFPWFPPFWMPPPMFMPMWPFMPMMFWPWPWWFMFMPFFWPWFMPPWPWFWF
PFFMFWPMPPWFPFPPPFPFFWWWFWFFFFWWPPMMPWWMPWFPPPWPPFPMFFMPWMFMFFWPWWWMWFMPMPMWPMPFFWFPPFWWFMMWMWWMWMMMWWWPPPMFMFMPWMWMPMPFFWWFFPWMFFWWPFFWWPPFPPWWPFFFFPFMPPPMFPPWWWWFMMPWMFFMFPWMWWPWWMMFPFWPFWFWWPMPPMMW
FWWPMPFWPFWFFFFMWPFMMMPFPPWPPFPWWMMFWMPPFWFFFFFMWWFWFMWPWPMFMFWFFFPWMPWFWPFWPWWFWPWPFFWPMWMFPMFWWPPPMWFMFPWWMWWPPWWFWWPWMMFPPWPFFFWFFFWMFWPPFPFMWPMPMMWMWMWFMMPFFWFMWFMWWFMWPPFFFMWPMPMFPWWWMFPFWPFWMMPM
PMPMMWMWWFFWFPWMFMMMMMMFMPMPWMFMPFFFFPPFMMWPWWFPWFPMMWPMWFPPPPWWMMPWWPPFFWFWMPMWMWMWFFPPPFWPPPMFMMWFWFWFMFWWMMWFWPWWFMWMPPWFPMMMFMPPFFMMFMFMFPMWFMWFMFFWPWFPPFFWFFMMMFMMPMPFPPWPWFWWWMPWPWMWMWMFFFFMFFFM
WMFWPMWWMFFMMPMFMPMWMFFPFFMMWMFWFPWWMPFMPPMFPPWPFWWWWPWMFFFFPFPFPMMFWPFMWWPPFFWPMFPMPPMFWWWPWMMWMWWFWWPWFFPFFFMWFFPPWFFPWWFPMWFFPWMPFPFPFPPFWMFFWMWPWMFMWFMMWFWMMMMPWPPFWPFMWMMWWMWWPMWFWMFFPFFPFFPFWPFP
FWFWPMFFFPWPWMMWWWFFMPFMPPMPWFWWMMWPPPMPWFMMPFWWMFMWWWWPFMPFWPPPWPPWFWPPWPFFPWWFMMMFPWFFMFMPFMFFFWMFMPPWPWWMPMMWMWFWPPMFFMWFFPMPWWMWWWWWFFPFMPWPWPPWFPWWFFPFWMPPWMPPMPMMPFMPMFFPWWMPMPPPWFPWWWWWMMMMFWMW
WPWWFWMMFFMPWWWWPPPMMMMFWFWMMMFPFPFPPFFWFFFFWWFWMMWFWPWPMPPFMPPPPMPMPMPMWFPPMWMPFFMWWPMFFPMMFMMMWFWMWWMPWFPPFWFMWMFPFMPMFMFMPFFMWPFPPWFWMPPPPMMPPPFPPPMFWPWPFMFWFMFFMMWPWWPWMFFMMFFFMMPWWWMMPMWFMMMPMMFF
MMMFPPWMMMMFWWWMFMPMMFMPWPWPFFWWFPMPWMPFWFPPFWWMPMMWPMMMFFMWFFWMPMWPPPPPMWMMWMMPWFMPPPWMPPPMWWWFFWMFWPFMFWMPWMWMWFWFWFMWFFPPMFWFFPPFFWFFFWPFPFMMFFWFFFWWWWMMFMPPFWMFWFMFPPWMMPFWPPWWPPFFWPMWMWMFMFPMWFFW
FFPFMWWPMMPFMPWMPMMPPWWMMWWMWFWMPWPWMMMMMPWPMWPWFWWWPFFPMFMFFMPPMFFFPMMPPFPWPPPWPMFMPFMMPFFFFWMMMMPWMWFPMMWWWPFPMPPMMMMMPPMPWPPFWFMFWMPWPPWMPMWFFPWPMMWPFFMMFPPMPWMWWPPWFPMWPMFWMPFWWFWWPMFPWMMMMPMPWMWF
WMWFWPPPMMMPPFPPFMWPMWMMPMWMMMWWPFWPPFWWWPMMMPPMFFMPMMFPPFPFWFWMWMMMWPPMMFWFFWFFFWFWWMPWPFMFWPFFFWPMPFFPFPPMWMPMMFPFMFFWWFPFMMWWPMMWFMMWPFWFFMMMMWFWMMWFMWFPWMWPFFMWMWPMMWWPMMWMPPFMPFMFWWPPPFFFFWMPFMFM
FPFPFWPMMWWMFFMMWPWWPMWPPFWFWPFMPMMWMMWPMPPWPFMWMPFMFMPFFWPFPFPWMWPMFFWPFWPMPWWPPPWPFPFWMFMWWFPMPPMPFFFFFFPWPWPMPMPWFMPMFWFFPPFWWPWFFMFMFFMWPWFFMWMFMPWWWPFWMPMPWPMFFMMFMMWWPMMFFMPPFMFWPMFMFPFWMFFPWWWM
PFPMFWWFPPWMFMWFWWFPFWMWWPPFFFFFPPPWMPWPWMFMWMFMMMPPMPWPPPMWFPFPFFFPWWFFFFPPFPMPPFPWFPWPPWPFFWMMMPWWMPMFWPWPPWWMPMPMWFWMFFWMWPFMWWMFPWPPMMFWWFFMMWWMWWPPFFMWPPWWPMFMFFWMFMPMFFFWFMWMMWPMPPWFMWWWFFPMMWWW
PFMFWPPPPWPMWPPFPPWPPFMFWFPWMWWMWWPPMWMPMWPPPFPPFFMMWPWPPMPFMMFWPPWFMFFFWPFFMPWFFMPPWWPPMPMPFWFWMMMWPWMMPPMFPWWMFPMPMMPMPFPPPMMWWPMMPWWFFFPWMMMWMWWMFMMPFMPWPPMWWWPMWPWPFFFFWPFFFFWWWMWWMWPFMMFWWMPWFPWM
FFMFMMFWFMFMMWWFWWWPFWFFPPMMFPPWMWMWFPPPMFMPWFPFWMWFWWWPMFWPPPWWWWWPMMWPWWPFPPFFMPWPMMFPWWWPFMPFPFFPWMFWMWPMMMPWFMWPWMPFPMWWPWWWPWMPPWWWWFPMPPPFMFMPPMMPMMPMWPMFWWPWFWMPMPMFFMMPMPWWPWWMMPMWFPWWFMMWWWMP
MWWFWPWWMPMWPPWPWFMPPWFWFWWMPWWWPPMMFWFPMWFMWMPMPMMWPMMWPMWPFFPMWMWWPWWPPMPPFMPPFMWMWWFMMFPMWMMPFMFMFMFFMWFMMMMWMWMPWFFPMWFFFMWWMWWWPWMWMFPWWWFFPFWFMFMWWFPMMFWWFFPMMPMMMMPWMMFMWFFMMFPPPPFFPMFPFMMWMFFF
PWFFWFWMMFMWMFMPPWFFPMMPMMMPPFWPPFWWFWPMFMWMFWFWFMWMMFWPFMFWFPPWWPMMWWWWMFFMWPMFWMFFWFPWPPWPFFFWMFWWPWFPWPFFMWMMWPWWMMMFWPWMFPMWFPWFMWWFPPPPMPPMPWMWFWPMWFWFPPMWMWMFWPFPPFPWWFMFPFPFPMPPFWFFFPWFWPMMPPMM
PFMFPFFPFWFMPMWWMWFFPMMMWMFPMPMFPMFWWMMWWWPPFMPPWFFPMWPMFWWWFMPWFWFFMFFFPPWPMPPMWMFFWPPMWPWWPMFMFWPWPMFMMMPFFPPPPFMWFWWPFPPMPWMFWMFMFPWFWFFPWPWWWPFFMWWWPWMWFFMFPWMPPPPMFMMMWPPWWWWFMFFWFPMMPPMWFWMMPFPW
PWMFFWMWWMPMMMWFMFPFPPPPMFPWWFWPWPPPMWPMFFFPFWFWFPPPMWMFPWWWFMMMFWPPFWPWFPPMPFWMPFFPPPPMPPPWFMPMFWFFWPFMWPWFWWMPMWPPWMWFMWMPMPMWMMPWWFWFWMWPWPPPFFPMWFMMWPWPPWPMPMFPPWFWWWWFWMMWPFWMPFPWMMFFFFFPWWMFWFPW
FPFPMWFWFMPPMFMWWMMPWMWWWMPMWWFMMFWWMMMPFPMFFMMMPWPPWPPWFWFPWWWWFMMFMWFWMFPWPFMPFPMPPPMMWFFMWWMFFMFPMPWFFFPWFMWWPWMFFFWPWFWPMPMWFWMPFMFPMPWWFPFMWFMPPFMPFWFWWWMFPPPPFWMWPMMMFMFMPMMMFWMPWFMMMMMFPFFMMFFM
PFPWPPWFFWPMWFPMMMFFFPFFMMFFWPPWPPFWWMWFFFWWMWPPWWPFFPWPPWPPFWWPMFPFMMMPMPPFFFMFPWFPWMMMPMFFFMFMMMPPPPPMWWPFWMPPMFWPPFPWMFPWMPFFWPFMFFMMWMWMFFPMFFPMMWMMPMMFPMMFFFFMPPMWPWWWFWWPMPPFFPMFFPFPFMMFWWPWFWMM
FPPPFFWFFMMMPFPMPFMWPMMFMPWMMPWPFFMPWWMMMFPFWMMPWFFMPMMWFMMMFMFMFMWMWFWWMPWWPMWFFMMMMPWMWWMPWFWFFPWMPPPFPMWPPWMWPMMMPFMWWWFMPWFWMMMMMFFMMWWFFFFWMPMMFFFMWFPPPFMFPMPFMFPMWWPFMWWWWFMMWPWWWFWFFFFFWMFWPPMF
WMFMFPFFFMFWFFFWFMWFPFPFPFMWFFMPFMFMPFMPPMPWMMPPFFMMMFPFFMPPPPMWMWFWMPMWFMWFPPMWFWPWWMMWMMWWPMWFFWMPMPWMWFFPWFPMMPFPFFWFWPMMPMPMFPMPMWFMMWWPMFPMPFPWMWWWMFMPPWWFFMPMMMPPWPFFMPPMMMFPWMPFMWPMMPWPFFMWMFMP
PMPFMWWPMFPPMWPWPPWPPWMMMPFFWMMMFPFFPPWMFFPWFFFPMMMMPPMFMWMWMWWPWWPMPWPFFFFPPPWMMPPPPPMPPMFWPFWWPPPWFFPFPPFMMMFPWPPMWMMPWPWMPPWFMMFFPPPMFMPPWWMWPFMWPMWWWFWPPMPWPMMMMFPFFWWPMPFPWPFMWMFPMFFFPFPPPMPMFMMW
PFFPFMWMPPPWWFMPFFWMMMWPPFMPWPPMWMMMMWFMMFPMPMPPWMFMMWMFWPPFMMPPFWPFWPFWPWPPFPFMMMPPFWFMPMMMMMWFPMPWPMFMWMWMPMMMFFWWMWFWFMMFWWPFMMPPWMFMPPWMPFPMMFFPWMMMPMFMPWWMWPMMPFFPFMWWMFPMWPWFPPMFWPWPFPMFWPPWMMWM
FPMFWWPWPMMFMMPWPPPMMWFWPFMWWMPWWFFFMMFPMWMPWFWFMWPFPMMWPFWWFPWPMWMFWMFWWFMFPWFPMPPWMWWPWMWWFPMMWMWWPPFMMWPMWFMMWFPWWWWMWPMPPMFMMWMFMFMWFWFPMWFFPMWPPWFMFWPPPMMFFMPWMWFMPWMMMFPPWWWMFMPFPPPPMMFFWWPWFPWP
WPPFWFMPPWWWMWMFFPWFFFWWPFWPMWWMPPPFMMMFPWPFPWMMWMPMWPFWPWWWFPMWFFMFWWFWMPPMMFWFWWMWWWWPFMPPWFWPFWFPFFFPPFPPPFMPPFPWFWWWWFPWWFFWMMWPFFWPPWMWFMWPWWMPWPWMPWWWPFFPFPMFWMMMPPMWFMMPPWPFFMFWFFWWFFPFPMPPMMWM
PFWFFMWFMMFPWWFPWWFMPMFMFWPPMWPPPPMWWPPMPMPPFPWFFPFFPPWPMPWFWPMPMWWPPFWPMWFWMFPPPPPFWFFWFWPWFMWFFFWPPWMFFMPPMFWWPPPWMPMWPMPPWPFMWPPWPMFMMFFFMMPFWFPFWMFWMPFPPPMPWMWPMWWWMPWPMPPPFWFMMFMFPFWFWWFPMMWFPWWP
MFMFWFPWMMPFMMFPMMFFMWWPMWWFPMMMMMWMFWMWFPPMFPWPMMPMMWMWPMFWMWFPPPWWPWWMWMMPFPMWFFFFMWWWMFWMWFWMMFMPFPWPMMPFFFFPFWWPPPWWPFMWMPPFMMPMFFMWPMPWWFWWFPPPPMFMFMWPMMMWMPFFPWWMWFFPFWPWWFFWMMFWFPPFWWFMMMMWMPMW
PWWWWPPPFWWMWFPPMFPWMWMWWFWPFPFWWWPMFFMMWFPFFWPFWWWMMPWMFPPWPWWFPFPWPMPFPWMPWFPPMFMPWFPFMMWWFMPWMFPPWWPMFPFWWFFFMPMWPFWPPWMFFFFMWFMFPWWFFPMMWWWFFMMMMWPPMMFFMWMFPPWWPPPPFFPWWMMPMPMFMFFWMPPMWWWFPWMPFWMW
PMPWMPFWPPPMWMFPWMMMWWPPFMMMWWFMFPPWPMPPPWPPMPWFFMWMMFPWFWWFPMPMMFWFFPMMFWWPWMPWWWMWMPFMFWMFWPFWMMPWWWMPPFMMPFMMMWMMPFWWPPWFPMFWPMMFFPPPMMPMPMMFWPMPPFFWFFFFPPWFMWFMWMPPWFPPPFWPWMPMPWMPMWPFFWMMFMFFMFWW
FFPFMFMFWMMWWPPPWFWMMFPPPMFWPFMFWWFFMWPWPPPWFWWMWFPFMPWWMFPMFFPPFMPWMPWFWPWWFWFMPFMWFMPWFFMMPWWWWMWWMPWMWMFMFMWWMWFFMMPPFPMPFFPWFFMFPFPFWWMPFPMPMPPWPWFMPFFFPPFPWFWFMWWMWWWMMMMFPPWWWWFPFMFWMPPPPFPWPMPF
MWMMPMWWMPFPFWFWFMMFPWFMMPPPFWWPPPWMWFWFWWFMWMWMPMFMMPWMPFFWPMFPPWFWPFWMFPWPFPFWPFWMFWWPWWMWFMMPMMFPWMMWPWMMWMPPWWMWMWMWMPPPPMWFMWPMPMPWWPPPMFMMPPWPMMMWWWFWMPMMWWWMFMPWPPFWFPWWWWWMMWWMWPWFFPMWFPPFFMMF
WMPMFPMWWPPPMPPFWMMWFPFWFMFWMWFFWFPMWMMMMWPWFPWFWFWWWPFMFFFPPFFWFPWFMPPMPFMMFPMFPFMPMMMPMMWPPFWFWPPPWWFMFWMFPWPFWPWFMWPFMFWWPFWFMFMWWPPWPFMWFMPMMPFPFMMWMPWMWWFMPMWPFFWWWFWPWPWFMFMWPMFWFFMMWWPWWFMFWFFM
FWPMMPPWPWFPFMMMWFFWMWWFWMPMPFWMFPFFMFWWFWWFMMWFFWFPPWPWWMFMFMFMFMPWPMFPWFPPFMPFMWFPPFWWPPMWPFPWPPPFFMPMPWMPPMMWFMWMFPMFMMPMPFFMMFFMFWPWWPPPMWWPMWPMFFMFMFPWMPFPWWMPMPPMMPFFFFPWPPFPWFFFWPPPPPPFWPPWWFWW
FMPPPFPWWWFFFWMWPWPFPMFWFMMWFWPMMMPMMPMWPPPMWMPMFWMPFPPFWPPFMWMFFPWPPMFMWPWPFFMWPMMWPWPFWFMFWFPPFMPWPPPWPWWPWMPMMWPMPWFMPWPFMFPWPMPPWWPPWMWWFWWMMWWWFMMPPFWMMFWFFPFFMMMMMMMFWMFMMWPPFPFFPFWPPWWMMFWFMFPW
MWMPFMMWWFWPPFMWWMWFWPMPWPWFPWPFPMFFMFWFWFFFWWFFWFWPFWPFMMMFWFFMWMMPFMWPWWPMFPPMFWMPMWWMWWMWWPMMFMMMPWMMFMWFMPPMPWPPWFFFPPMMMFFPMMWPWMWMFMWPWFFFWPMMFWMMFMPPFPFMPWMMPMFPPPPPFFWPPFWFMWPMPMFFWPMFWWWMMWMM
FFFMPWPFWMMWPPWWMMFFMMPFFMWFFWPMWFMPWFFFWWWFMPPMPFFWPMFWFPFMPPFMWPFPWWMWMFWPFPPPMMMFPFMFFPFPWFWPMMMFFFWWPFMPMFPPPPFMMMWWPFPMMWWWMMWPMMWPFPPFPFMMWWFFWMWPWMMFWPWMWPFPWWFWMWPWFMPFPWPFMWPFFPFPMMWFMPPPMFMP
MMWWWPFPMPPFWPWPMWPPFFWWWFWFWFMWPMFMFPFWMFMWFWWFMPFFMWWWFPWPPWWWPWWMWPWFWMWPMPWWWPMFPMFMFPFWFFMPPMFWFMFFMFMMWFPWPWMFPFFPMPWMFFPWFMPWWPFPMWPPMMPPPFFFWMFFMFPMFWFFFWFPWWPFWFFMWWWPWFMFWMFWWMPMFPFWWMFPMMPF
WPPFMPWFWMWFPFFWWFPMFWMMWMPFMWFFMMMMWWWPMPWMFFFMWWMWMWFFMFFMFPWPWWMMWMMFPMMFPMMWPWFWWPWFWWWWMFWPPFPPMFMWFWMPWFPMPWWFFWPMFMMWWPMWWPWFPMFFMMMFFFMFFMPWPWMFFPMPMFMFFFFWFFWMWWWFWWMMMFWFMFFMMWMPWPPFMPPWPFMW
FWFFPWMFMWWMFWMMMFPFMMPFWWPMFWMPPWWMMWMPMFFWPMMFPFPMWPWPFMWFFFWPMWWMMMFFMWPFFMMWPMPWWMFFPFWFPPWFWMPMMPPFFFFMMPMPFWPFWFPMFFWWMFFFMWFPWWWFPMFMFPMWMFWPMWFMPMFFFWFWFMWMWPFMPMMPWFWMFWFFPPWMMWWMWFFMPFFMFPPW
WFFFWWFWWMPFPFWWPMMPMMFWPPPMFMPMFFPPPPWFWPFPFMFPPFWPWMFFFMMMFWFMWFFPWPPFMPMFMPWMPMMWFMPWWFPMWMPMPPFMWWPMPFWWMWPWMPFPWMFWPMWFMPMMPFMWPFPWWPFWMFWFPFWPMWWFFFWFWFMWFMFPPFMFPFFPMMPFPMPMFMWFWPMWFPMFFPPWPMMM
WFPFWFWPPFFFWMPMPFFFFPWPMPWWMWWMMWWMWMPWWPFWWWFWMWMMFWFPPMWPWPFMMFFMFPWFFWFWWWFFFMPMPWPWMMMWFFMMMWFFPPMMPFFMFWWPFMFPPWWPFFWWWMMMWMPWWWMFMMFFWFPWPFFMMWMPMWFMPFWPFFPFMPWFFFFFPWMMFWMPWMPWPPPPMMPMWFFFMMFW
PPMWWWPFFFFFFPFWPMWFMFFMMPWMFWPWFPPWMFWFMFMMPMWMFMPPFMMPMFFMPPFWWWWFFMMPMWWWPWWWWWPFMWFWMFMWFMFMMWPPWPMPWPFWMPMWMFWMWFMFWMFPFPWWPMFMPMMFFPWMWPPFMPPMFPPWPWFMMWFFMMWPMFFPFWWWFMFPPFMPPWFMWFWWFWMPMFFFMWFF
FFMPFWFFWFMMWFPWPWMFPMFMMPWMPFPWFMPWMWMPWMWPMMFFWFFWMPWPFFWWWFFWPMWWPMFMPPPWWPWPMMFFMPWFWPMMWWPFPPMPWMFMFMFPWWMMWPMMWFMFMFFPPPFMPPMWWPMFFFMFWFWFWMFPMFPPPPWFWMMFWFMPFFWMWMPPMWWPMFMPMWWPFMMWMFWMWFWWWWMP
MPFWMWMFWMMMMFMFPPWPWMWWWPMWFMMPFMPWPMFPFMFMMWMWWMMWFMWPWPFMMPWMMFFFFFWWMMFPPPFPWPMMWPPPMMPMWPFPPWMPWWPWPMWWFFMFPWPWPFFMWFFMFPWPFPFPWMPFWWFPPFMWMWMFMWFFMFMFWFPWMFWPMFFMMFWFPPFMMPWMFPFWFMFFFMPPPPFWFFMW
MFFFPMWMMFPWPMPWWPPPFWWWMPPPWFMPWFMPFPFPWFMFWMWFPWFWMPPPFFMMPFWPMFWMFPFWPPPWMMMMMFMWPFFMWWPPMMFPFPFFPFFMMFMWFPFMWMPMMWMPWPFPFMPPFFFMPFWFPMFFFFMMWWMFPMWPMPWMPWPFMFPMWFWFMWFPPWMWPWMFWWFFWWWWPPPFFWMPPFPP
FFPWMWWMWPMPMWMWMMMFFFWFWMPFWPMMWMPPFFPFFFPMMPWFWFMWPMFMWPWMMFFWWMFMMFMMMWPPWPFPPFWPWMPMWMPMWWPFMWPFPPPWMMPWPMFWPMFWWWWMPPWMMMPMWWWPWWWFPMWPWPFWMWPFPPPPWPMPMPWMPFPFWFWFFWMMWWMWMFWFFFPWMPPWMPFPFPMFMPMP
MWMWWFWFMFMFFPWWWPMPMWMFPWFWFPMMMFFWFFPPFPPPWMFMPWMPMFFPWWPPWMFPMPWWPMWPFWPMPMMFFMMPWFFPMMFWWFPWFWFFMFMPFFWFMWWFWMPFMPPMWFPMPMPPWPWMFWFFFMFPFMWPPMFFPFWMMFWMWFWFFFMPFWWWWWFFMWPWPWPMPWFWMMPPWMPMMPPFPMFW
WFMWMFPFWPMPWPFPFMMWWFWPPFMPPPMPMPWMWMMPMMMFPMFPFMWMWWFMWMWFWWFPWMWPWFPPMWPMMMWWWPWWPMFWFPWMFWMWWWFWMWWFWMFMFWFPPWMWPWFPMMPFMWMWFPPMWWMWMMMFPFWFWFFPMMMPWPMWWMPFMFFPFPFPFFMMMMWMWMWMPPPPPWFWMWFFMMFMPMMF
MMPMFMWPFMFFWWMMWPFWWPMFWWPWWWFFPFFMPMFPPMWFFFMWFPMMMFFFWFFMPWFPFMWMFFWMWFWWFMWPWWPFFWFMWFMFMPPMPFMPWPFMMFFMFFPFWPPMWWMFMFWPWPWFFFWWWMWPFMFFWFPWFWWWFWMMPFFPFWPWMPPWMMFWFWFFWPWWPFFMFFPFWFFWWPMFMFPMMWPF
WMFFMWWWPMPWMPFMWFMMPFMFWWPFPFPFFFWMMMWPPWFFPFPWWFMPWFPWWFMMFMFWWPWMWMFMPPFWFMMWWMPPPPMFPFPFFWMWMWMFWFWWPFMWWWMPPPFWMMFMPMWMWWMWPPMMMWFFMWPWPMWPPFFPFMPFFMPMWFMMFPFMMPPFMPPWFFMMFPWWMFFWPWFWMPMWFWFFWFFW
WFPFFWMPPMPWWMWFWPMFMWPPFFFPFWFWFPFFFMFFMWMFMPFWMWWWFFFWFMMMMFPWMFMFPPWMFPFFPMWFFMMFWFMWMWFMPFMFWWFWWWWMWPWPPFMWPFPMMFPPWFMMFFPFPFPPFFFFMWFPMFMMPPFMMMPFWWMPWPFPMPPPPFFFFWWMFWPMPPPWFMFPMPFMFMFWFPMMWWPF
MFFMMMFWFMFWMMPWMWFMFWMMWPPWWMWPWWWWMFPFFFWMPFWFFPMMFWWMMMWFMWWFMWPPFMFFFWMWMPPPWMMWMPPPPMMFMMWFPWPMWMMPFFMWPWWFPPFWFPWWWWMMMMWFWPPFWMPPFFPWPMWMFFMMMWFWMFMMWFFPMWPFFMPFPMWPMPMWWWMMPWPWWPWPFPFMMMWWWMPM
WFPWFFPWPMFPWWWWPMMPPPMMWMMWMWWFMPMWPMPFFFPFWMFPPFFPWMFFPWMMFPWWPPPWWFWWFFMMWMPFPWFMPWMWMMPPMFFFMPWMWFFMMFPMWWFMMMFFMWFWFFFPMPWMMPWMWWWFPPFWFPMMMMPMFPMFFWFFFWMPWFWFPFFMMWWMWWWMFPPPPPPFMFFWPWFFPPFPWFPM
MMWMMPMMFPMPWPMWWWWWMMPFMPWFPFMFFFFPPFWWWWWWPMPMFFWFWPFWWMMPMWMMMWMFWWFFFMFPWMFPWPMWMWFMFPMWMFPWMPWFWFFWFMWMFPPMFMFMWWWMPWWWFMWWWFPWMFMWPFMWFMWWMWPWFFFWMWPPMWPMWMPWFPWMWFFPMMPWPMWPWMPMPFWMPPWWWMPPFMFW
MWMMPPPMMMFPWWPFFMMPFFFMWWFMWPMPPWMFWWFFFFWPFPPFFFFWFWPFFWWMWFWFFPMMMPWWWFPWWWWMMFWWMFMMMWWPMFMFWPPWMWFMMPFWMPPMPFMWWMWFFFFPMFWWMPFFFFWPPPFPWWPPPMWWPFWWMWFMWFPWMPMWMFPFPPPMMFPWPPWMFPMFFFPMFWFWFWMFMPFF
WMWMWWWWFFPMFWMFMMFMFWPPPPFFMMMFPFWFMMMWMPPMMPMMWMPMPMPMWWWWMPWWMPWFFPWPWMPPMFMMPPPPFWMMPWWFMPWMMWFWPFWPFMMWWWFWMFMWFMMFWWMFPWWMPFWMFWWFWMFFFMFMFFWFPWPMPFMMFPFFWWPPWFWPMPFWFFFFMPWPWFWFPMMWMFWWPMPWFWWM
MFPMMPMWMPMPWPMFFWWFFPWWPWPWMWFFPPWFPFPPPMWWMWPPFMWMWFPMWMPPFPMFFPMFWPWWPFWFWFFMMWFMFMFPPMMPPPPWFWMFWWMFMPFPWMFMWFPFPPPPWFMFPMWPWPPMPFFFMWWPWFPWWWPPFPPFWPFFFFWMMMFPMWFFWFPPFFWMFPFWMPFMMFFFMWFWWFFWMFFP
MPFFPWMWFFMMWWPFWMFMFMFFWFWPFWFMWMFFMPMMWFWPMFPFMWPPFWMPPWPPFMFWMPFWMPPPPFMFFWPPMMWFMMWMFWFWFWWPWWWWFWFMMFFMMWWMFMMWMWWPMPWWPFWPPFFMWFPFFWMWFPWPWFWWWMFFFWFPPPFPFMWWMPFFPWPWWMFFPWPFPFFWWWMFPMPFPMFPWFMF
WMWFMFWFPMPWPWPPPMWFMMWPWWFFWPWPFMMPPWWWWFFPWFMWPPPFPFWFFWPMWPFWPWMWPFWPMPMWMPWPFMMWFFWMPFFMPPFPWFFWWMFMPMPPFFPWPMPPFPFMMFPPFWPFWPWFMMWMWWWWFWMFPFMFMFPWFWMMWFFWFPPPMFPFFMPWMMFPMWWWFPPFFMPPMMMWMWPFPMWW
MMPWFMMFPPMWMWWWFFWFMWFPMMMPFPPWMWWWMWFPMMPMFFFPFMWWPFFPWMMWMMWWMPWFPPWMMFMMPFWWPPMFFPMPWFPMPFFFWPPWPPFWMFMMWPMWWWFMMWFWPMPWPPMFPPMPMPPPPMFWMMMFFFFWWMPFPPMFPWPPMFFWFWMPPPPFFPWPPPPWMWMFPWMPFFPPPFFWPPFM
MPMWMWMPFPFWPFPFWMPMMPWPFFPMFMMMPFMMWMMFPPMFPMPFWFFWFMWMFPMWPFMMFPPFMMFFMFWWPMWPFPPWFMPFMFFWPWFWWWPMPFWMFFWMPFMFMFWFMPWWPWMMFFPWWFPPPPMWFPMWMPFFMMPMFMPFFWWFWFFFFWMWMWMPMMMFWPPMFWFFMPFMMWMPMMPFMWMPFFFM
FWMFMPPFMWPFMPFWFMMMPMWFPMWWMFFPMPWPPMWWWMPMWPMFPFMFFFWPWPPFMWPMFMPFMFPFWWWWWMMFMPWFPMPWFWPWWFPMPMMMPWWWFWWPWMWFPWPMMFWMFPMWFWFMMFWWPFWFFPFFPWWFWPMMWFFMMMPFWWWMWPPFFFPFWMPPPWPFPFMMFFPPPFWMFMPPPMPFMWWF
FMFPWMWPPMFFWMWWFWPPFPFWWPWMWMFMWWWFWMPPPWFWWWWWPFFMFWMWMPWMFMFMFMPWWMWPPMFFFWMFMFPFWPFMMFMMFMMWWMWMPPWFFFPPPFMFWWWFPMWWFPPWPPFFMPFFMFPPPWWMMPFMWWMFWFPFPFPFMMFMWPPFFWMMMPWMFWMWWPPMWPFWFMWFFWWWPFPWWMPP
PWWPMPMFMWFFPMFFWPFFPPPPWMFPPPFFPPWMMMMWMPMPWFWWWFWPFMWPMMPFPFFWMPMFMWFMMMPFMPMFWFFWMFWMPWPWPFPMMFMFMMWFFWFFFPPPWFPFWPPMFMFFWFMWMPFFWPWPPMFPWFWMFFWFPWPFWFPFMFPMPWPWFWFMWMWPMMPWPFPPMPMFFPPPFPPPWPPWWFMW
MFMFPWFPFFPFMPFPMPPWPPMFMMMPPMPPFWWFWFMPMWFMFFPFMFMWMMPPFWMPPFWFFPFFMFPPMFWMFMWFPFMPMPMPWFWFWMPFPPMMPWMMPFFWMWMMWWPMMMPPMWWMFWPMPMPFFWFWMPMMMMMFFFWFPWMWMFPMFPPMMPPFPFWMMPMPPPMPMPFMMFWMPWWFWFWWWPWFPWFP
PMFPPPMPPFFMWPFWFPWWWWPWFPMWMWWFMPPPMWMMPPFPPMMWFFMFWMMFPFFWFFPPPPMWMMMWMWWWFWWFWFPPWPFPFMFWMWWMWMFWMFPWMMPPMFPWPMPMPMMPWMFFFWPFFWPMWMMPFWPPPMPFMMMWPPFMMPMFFPFMFFWWWWMPMWMWFWPWPPMWMFFMWWWWWWMPPFFPFFWF
PMWFMPFFFFPFPFMWWWWFPFMPMMPMMMPPPPPWFFWWMPFPWWPWFWMFPPWWPFWPFFMMPFFMFMPPWFMPWPFFMMFFMMFWMWWPWMFFFWMWPMWFPMFPPWFPMWMPWFPPPWFFFFWPPFFFPPFPMMWWWMWFPWMMFMMWMMWMWMFFFMPMPWWMMPMFPMMMPMMWWPMPPPPWMFPMMMMFMMMF
PPPWPMMPWFPWFPFMPPFWMPWMPWPFMFMFPFMPWPPWMMMMFWFFPWFFFWFFWMWFMMMPMWFFPWMPWWFMFMMFMMPWFMFFFMPFMPPFWWPWFPPMWWPWFMFWPFPFPMWPMPWWPPMPPFMFWWFMFPMWWWMFPWPWFMPFFMFWPMMPPMFMFFMPWWMFMFMMWMMPWPWPPWWPFWPWWWPFWFPM
WMWMFPPPWWFPWFPWMMWWFMPWMMWWWWFPMWPMPPPPFPPMPPMPFPWMMMFFWPFPMMFPPFPFFWPPFMMMMPFMMWPMWPFMMMMMFFPPMPFWWFMFFPPPMWWWMPFWWPPMFWWPWPPFPPWFFMWWFMWMWPMPPWMPPWFWFWPWMWPMPFWFWFMPFWPPMPMWFFWWWFFMPPMFFFMPFPMPMFFP
WWWFWFPPWWPFPMFWFWMWWPWPPPFFFPPWFMFMMPFWMWMPPMFWFWFMMMPPPFFFPPMWWMPWMWWMFFWPWMFFMMPMMFWFFWPMPMWWFPMPWWWFFMFFMFMMPPFFPMPMPMPPFFWFFPFWWWFWFWPPPFPMPPMFMMMWPWWWFFFPFFPMWFPFWWPPFPMMFFPMWWFPPMMMWFMFFMWFPMFW
MMMWPMFWFFMMPWFMMPWFMMPPWMMFFPFFMWMFFPWFMFFFPWMFPMFFPPMFMMPFWWPFPFMPWFMMWFPPMMWWFWMWFFPWWFWFPMPFMMFPMWPMFWFPMPPPWMMPWFPFFMMWFWMMMPFMPFPFMFMFPWFPFFFPFFFPFFWFMPPWWWWPPPFPWMWFFPPFPFPMWFMPPFPFMMFFPPPWFMPM
MFWMWFFMFWPFFMMMWWFMFPFPWMFMMWMMFMFFPFMFFPPPFWFWWMPFFMFMMMPMFWFMPFWWFFWFPPPPFFWWFPMMFWMWFPFWFWMWMMPFMWFMPMWWWWMMFWMMMMFFWMWFPPMPPFPMWWMWWFWWWWFMFFWWMFWPMWPPPPPFMMMPPMMMFFFMPFFPFPPFFFMMPMFFFWMWMWFPFPMM
WFWWFWMFWFFFFMMPFFPMWWFFFWWFWWMMMPWFMFMMMMPWPFFWMMMMPWMMPFPMMWPMMWPWMWWPFPWPPWPMFPPWWWMPPPWPFWMPMFFMPPPFWPFPFFFWPWWFMMWMPMMMFWFPPPMWWFMWFMWPMMMMMPWFWWMWFMWFFPFMPPWWWFFMWWWMPMPFWPWPWFFWPPMMFMMMFWPMPMWM
FWPMPPWFMMPMFMMWWPPWMWMFPMWFMPMPWFMPFFMFWMPWMPMFMPWFMPWMPFFWMPWFFWWFWFMFMFFPFPPFPPFWPPPPFFFPMPMFPPFFMMFPWWMMMWWMMMPMWWPWWWMPMWWPWWMPMFFWMPWPFFPFFMWFMMWFPPPPPWMMWMPMMWPWFFFFWFMFWFPPWFWWFPMPMMMWFPFWFFFP
WFMMFMFPWPFPWWWPWWFPMWMPFPPMFWWMPWFPFWWPMWMWMPPMMWFFWWWMFMMWPFFFWMFMMFPMWPMPPMMPMMFWWPWWFWFWMPMMFPPMPPWFFPMWMPWMFMPFWFWPPFFWMFFFPFPFFFMMWWMWMFPFPPPFFWMPMMMWFMPPFMFMPWWFFPPMMMFWFWFWPFWPPPPPFFMWWFFFWPWF
PPPPWFWWMPPWMMFWFMWPWPWPFWFWFMFWWWPFFPMPFPPMMMPMMPMWPMMWFFPFWFWPPFFPWMWPPMWWFPWPMMPWWWPMPFWWMWMMPPMFPFWWWPWWMWPPPWMWMWPPPMPFMWWPPWMFPFPFFWMWPWMFFWFPFFFWFFFPFFMPFMPWFWFFMWMWFPFMFWMWWFPFWPPPFWPMWFWPWFFF
WFFMFMWMWWPMFFWPPMWFMPFMWPWWFPWMFPPMPFPPFFFPFWMMWFPWMWFWPPPWPWWFFMFPWWFMPWWFWPPFWMWPMWFFFPPMMPFWMFPFMWPWPMMMMMMMWFWWMPMWWFWWMFFFPFWMWPMFWWPFWPMMFMWFMPWFMMPWWWWFMMPPMPMFWFFWWPWWFWPFMWMPPFFWFFPWFPWMWPPP
MFPPWPFWFMMMWMWFFWMFWWWFWFFMWPPWWPPMPWWPMFPWWFFMMFFMWMPPFMFPMMPPMFMMMWWWWMPPMFWMWPFFWMMWPWWPFPWPMMMMPWMMMFFMFPMWFPFFWMFMWPPPFWMPFFFPFWMPPPPWMFWWFFMPWWPWMWMPPPMFMFWWWPPFPFPPWPMFFWPPMFPWWWFFMPWFMMFPWWPM
MWPMMFMWWMFMFFWPFFMPWWFMMWMWMFMWPMPWWPPWMMWMWFMWMFFMFPFWWWWMPFFPFFWWMWWPPMPFPMWFWFPFFPPPFFPFWMPFFFPPWPMWMFFMFWFFFMPFMMFPFMFPMWMMMPWFWPMPPMMWWMFWPMPPMPPMWPMWPPWPWWFPPPPFMFWFWWFWMPFWFPWFMMFPMMMWPFWPFPWM
FWPPMPWFPWMMMWWMPWPMMWFWPFFMMMPFPFMPFFMMWMFWFPWMWMPPFPPFMWWFPFMPFWWWFPPWMWWMPPMPFWPPFPMFPPWFFFMPMMMFWPFMMFMMWPFMFWWMMFWFPFPWMMFFPMWMFMFWWWFMPWMFWWWMWFWFWWPPWFPMFFWFPFMWFMFWMFMPPPPFWFFPWFWWWFPFWFFFPWWW
PWFMFMPMMFFPMWWWPFMWFFWFMFFWWPMPMMWPMWMFMPMPFWPWWMFMPFMFWFFPMMWMPPWMFFPMMMPWPFWMFPFMWWWPPMMPWPFWMFFWFFPWPMPWMFWPFPMPMPPPPWPPWFPMWMWPMPMFFWFMPWWMWMPFMMPFFMPMWFWMFFWPPWWPMFFFWWWMPPFFMPMWFFPPPPPMMFMFWMWM
PPWMPMWFFPPMWFPPPMWPPFWWMFMFFPPMWWMFMPMFWPFWPFWFMPFWPMWWFFMFWFMFPMWPPWMFWMMWMMFWWPMMMMFMMMPMWWWMMMPMFPPPPMFWPMFMMFMMWPFFWFWFWFFPPWPPFPPWFWPPFMPPWWMMPWFPFPMFFMMPPMPPWMMWMPWMMPFMMWPWMWMMMWPMWFFFPWWPMMPP
WWMPMFWWPWMWPWWPWWWWFMFMFMMMPMFMMPFWFPWWMWMWWPFPWFFMMWPWWPWWWWPFWFPPWMWMMPPPFWPWMPMMFMMFMPMMFFMWPFMWMWMMFPWPPFPPPWFFPWMPMPWMMPPWFPMFFFFFFPPPFFWMFMFMPPFMFPMWPFMMMWWMWMFPPFMPWPPFMFWFFMPPPPWFWMPMMMPWWMFF
FMWMPWWPMPFMPPMPWWWMFMPMPPPPPPFFFPWPMPFWFWMPPPMMPPMWFWFWPPWMMFFMMPFFWMFMPWPPFPMPPMFPWPMWFMWMPWPFFMPPFMMPMWMPWPFWPWWWWPFMPWFFMMFWWPMPFFMWMFPPWMPFPMWFWFPPFMFMWWWFPFMPWWMFMPFPFFFPFPPWPWFMFMPMPFPPWWWFWMWW
FMMWFMPWWPPFWFWMWFFWMPMFFFFFWWFMFPMFPPMFMFPMWMMFFFPWWPWWFFFMFFFMPWFPMMFWPPPFWFMWFMFFFFMMPWPPMWFWFFFWPFFWPWMFMFWPWWPFMFFMPFPPMFFMPPWPMFFPFMFPFMWFWMMWMWFMMWWWPWPMFMMMFWPWFFFFWWWPFPFPPPMWMWWMWMMWMFWMWMPM
MFFFFWFWPWWMFMFMWFPFMFFFMPFFPFPFWMFMPMPWFMFPMWPFFWPFPFFMPWPFPWFMPMPPMFMPMWWMMMWWFPMPWFMWMWPWWWMFFWFWPFMFPMMPWPMFMFFMWWFPMPMPWFPWWWMWPFPFFPWPFWWPMFFMMWMMWWMPFFPPMMMWMMPMFMPMMFPFPWWFMPMMWMWWPFWWPMFPWFMF
PWWFPFMMWMPPMFFMWPFWPMPPMMPMWMMWMMWPMPFPWMMWFWWMFPPFWFMMMFMFPFPWPFFWPWPWPMPFWMPPFWFPWPWMPMPPWPMFMWPWFPFFWPPFFFFFFMWFWMPWWMFFPPPFPMFPPPPWPPFMFFWPWMFFPFWPPMMMWMPWFMMMMPMWFWWPPPWPMPMWPMWPWFMMMWFFWMFPWPMM
FWMFFFPWMMPMPMPWWMPWPFWWPFMMMWFFPFMWPMWFPPMPMPFFFPFWFPMMWMFFWPWPPFFWPMMWFFFFPFPWFFPPPPMMPFPWMPMWPFPPMWWWWWFWWWPMMFFWMMPMFPMWMMFMMFFPPPPMWPWFMMWFWPFWPPMFWPMPPPFMWFFMWPPMWPMFWWPWMMMWWPMWPFPFWMPPWPPPWWPM
FWWWMWFMMFPMPWMMFFMPFFFMWMWWFFWFMFWWWWPFPMWWFFWWWPMMWMWWMPMFFWPPMPWWWMMFMWFFPWWPMWFFWMPPWWMMMFFFFWFMPFWFPPFFMFMMMFWWWWWWWWMWMPWFMMWFPPPWMMWPWWPMFPMMPMPPMPWWMPWMPFFPWPPPPPPPFFWFWMMFMMWWWWWFWFWWMWFPPMPM
WFPPPPMPMWPMMMMPMFMPWWPWWMFMPFPPMWWFWFPFWWPFPWPPFFWPFMFWPWPPPPMWFPPWPMFMMFWWFPMFFMWPMMPFPMMPMPPPFFMPFWMWWFMMPMFMPPWWFFMFWMFPFMMMWMMPPWWMWPPMMWWMMFMWWMMFMFMPWWMPMFMMMFPPWPFMFWPPPWPFPFPWMWFWMWWFFMPWFMPP
FMFMWMFWFPFWFFWFPFFFPWMWPMFFWWWPPPWMWFWFPMPFFWMPWPWWWMPWMFFWPMWPFMPFFPMWPWPMWMWPFWMPWPPMMPWWWMWPFMFFMMPMWWMFPPFMMMFWFFPWWWFMPMMFFMWMWWFWMWPFMMMFWFWMWWWMFFFPWFPFPWPFPMFPFPPFPFWFWMFWFFFFMPMPMPFFWWPFPWFM
MWPWMWWWPMWPMMMFPMPWPMWWWPFWPMFWFFMMMWMFWFWPPWMPMWMFMPWWWPFFFPPMMWFMWPMFWWMMWMMPMPWWMWWFPFWPMPPMFMWWFFPPPMFWPMPWMMMWWFWPPWFFMMPPWMPPPMMFFMMFWFMPFMWFPFMMPFWWMWPFPMFFFMPWPPMFWFFMFFFMFMFPPMWWPFPMMMFFPPWF
WMWPPPMFMWWPFWPPWFMPWFMFPPWWPPPFPPMFPFPMWMMWMWMPMMPFWFWWPPFPFPFWMWMFWWMPFMWWPWWWPWPMWFMPPMMFWWFPFWMFFPFPMFFPPWMWWPFMPFWFWFWMMPWWPMPWWFWWWMPMWWWWMWFFFPPWWMMWMFWMFWFPPPWMMFPFPWMMMWMFWFMMFFFPMWWPFMPWFPMM
FMMMPFFFPFMMFPMFMPWFPFMFMFWMFMMPMFMPFPWPPWPMPMWWFPPWMMPPMMPMPMMWWPWPMPPFWFWMWFMPFPWFWPMMWFWFPPFMMPMMWFPPWFPFFMPMPFPPWMMPFFMPFWMPMWFPPFWFMWPFPWPMMWFWPMPFFFMWWFMFMMPMPWFWFFWPFWPPFPWMPFFPPWWPFWFPFWPFWWMF
PMPPWPFMMWWMPPPPWFMFWFMMFFMMFWPMWMWFWMPWMPFMPFPPFMFPPMPPFPFPWMWPWMPPWMPMFPMWMMFPPMMWMPWFFPWFMPPFFFPPPFFPFPWPMWMPPMWMWMWMPMFWPWMFWMFFMWFPFWPFPMPMPMFWFFPFWWWMFWFMFFFPWMWWFMMMPPPWWMPPFWFFFPFPMWMPWFWMWFMM
FMMFPPMFFFMMWPWFPFFMFPPMPFFFPPMMWFMPPPPPFWMWMMPWPFPPPPPPWWFPPMPWPMMPFPFMWMFPPPWFWMMFPPWPMWPWFPFWMPPFFMWWWWWFMWFPMWPFWPMWWMFWMFPWWWPPPFFFMPWPPPPWMPMWPPFFPMMMWPPFFMMPFFWPMPPPPWPWPWFPMMMWWPPWPFMPFMMMWWMF
MFMMFFWWPWMWMWWPWFMWPWFPFMFMWFFPWFMFWMPFWFFPMFMWPFFFFPWWWFPPPFMFWWMPWWMFFMWMMFMWFPFMPMFWMWWMMWWWFPWWWMWWMPMFMFMWFWMMMMFWWFPMMPMMWPMPMFPPPPMWWFPFFPWPWMFMFFFPFWFWPWWMPMWWWMWWPFFWPWMWMFMWMPFPWMFFFWFMWPPP
MWWWFPPMMPPMWWWMWMWPWPWFWPPWWMPMMMWFPPWFWPWFPFPFMPPWMMFWPFPPPMFPWWMWMFWPMPPPMPWMMMMFFFWMPWPWWWPWWPWPPFWFPPMFMMMMMWPWPWFMMMMFPFPWMMFPPPMFWPPMMWFPMPMWWMFMMPPWFFFWFWFMPFMPMFFPWWFMPPMFMPWFMWPWMMMMFWWFWPFW
MWPWFMWWPPFFFMFMPWMFPFPMMFFMFWMMPPPWPFMWWWPFMFWFFFPPWWMWWMWPFMMMMPMPFPWPPFWPMFWMWWPWMMPFMFMPMPPFFFWMFPWWPMPPMWFPMMWMPWMWMFPMWPMPWFMPMFPWWPPWPWWMPFPFPMMMPFFMWWPMMMMWMWWFPMWPFMFFWMMMWWPWPPWMPWFWFPPMWWMM
MMPFMMWFPMPMPPMWFFMWMMPFMMPMPFFMMPMPPFWWPMMFPFMWMPFPWMMMWMPWMMWFWWPFFFFMPPMMFPWFWMFWFWFWMMMWFFFWMPPMPFMPFPMFFFWFWMWPMWFMMWPWWFPMPPWFPWWWPFWMPWMWFPPPPWFPMPFWMMFWWWMPWWWMFFMFPMPWPPFMFMPMFPPPMPWFFMFPWMMM
MMFMMFFMWMFMWPFWMPPWWPWWWPWWPFPPMPMMMFMWFMPMPMPWWMPPWWPWMMWPPFWWPWPMFFWWFFFWMFFMPFFFMPWFMFWMMWFMWMPFMWWWFFMFFFMPWFWPFPPWPFPWFWFPFFPWPWFMMWPFWMPFPPWWMWWWFWPFPWMFPPFPFFFPFPPMWFMPPMFWFMFMMWWWMFFWWMPWMFWP
FMWPMMPFMMFPWFMWPWFPWFWFWWPFMMMFWMPFPFWFMWWFFMFPFPPWWFPMMWWMFPFWMPMWPWWMWWWMMFPFPWMWWPFFWMPFWWPWPFMFPFMMPMFFMMPPPWFWFMMPMFPPPWWPPPFWPWMWMPPFPFMMFPPPMMMWPWPMPWWPPFWMMPWMWFFMMWWFFPWPFFFMMPWPFFPWWFMPMPPM
FFPWFWMFPMMFPMPMMFFWMPFFWMWMPPMFFWMMWPMPPPMWWMMFWPWFMWPFWPWMWWMFFWPFFMWPFMPPFMWPMMWMWFWFFWFFMFPMFFWPFPFPMFPFMWMWMMPPFMPMWMPWPMPMFMWFWFFPWMWPMFFFMPMPFWPMWWWPFFFWMFWWMFFMPFWPFPWPWFMPWPFFPPFWMWMFPWPPMFMW
FWMFFMMPFPPPMFFPWWMMPFWMMMFPPMPWMPFWFFFFPFWWPFFMFPMWMFWMFFWMFWFWWFMPFFPPFFWFPPPWPMMFFPPFWWPFFWFMMMMPPWFPMMPFMMFFMWWPFFMFFMMWWWFPWPFPFMWMMFMMFFPFWPWPFMWMPFWWMWPFFPWPWMWFFPFPWFMWWWPFPWWPPMPMMMFFFWWMMFFF
PPMPMWMFMMPMMPPPFFMWFFFFWFMMWMFFWMPFWFWMWWFWFFWPPPFFMPPMMMWMPWPWMFFWMPFWPFFPPFFFWPWWPPWMPPMFWPWWFFMMMPMPMFMFPPMWMFFPWFPMFPPWFWFWPWMMWPPPWMPFFFPMPMWWWFFFWWPWWFFPMWWPPFMWPWPFWMWWFPPWFFPPFWFWWFMWFMWFPWPF
PMPMMWMPFFFWFFWPMFPMFFMFWWFWFWPWMPPPFWWWMFPWWWPPMPFPWPFWFWFWFFPMPPWFFPPFMFPFMMMMPFMPFWMWWPMMFFPMFPWFWPFWWPPWWFFFFWMWFFMMFPMMFPFWFMMPPPMMFPPPFMFPWPWFFWPPWWFMWFPWMPFPFFPPFFFMWFWWFWPFPFFPWWMFWMPFFFFWWWMF
PMFMMMWPPFMWFMPFWFMMWFFPWPFMPWMPWFFWPFWPWFPWFWMWPMMPPPPMPFPWWWPWFMMMPFMPFWFPMFMWFMFMPMMWWWPPMFMFMFFMWFFPMFWFPFMFWFWMPMPFPPWFPFWWFWWMFPPWFFPFFPPFWPPMWFPMWMPPFPFFWFFWFMPPPWMPWMFMFMFMMPMWPWFMMMFMPWFFPFWF
WWWFPPWWMMWFMFPWFMWMPMPWWMPMWFFPFFWWFMMPFMWMFPMWFWWPWPMWMWMPMFFWPFPMPPMWFMPMWWWWMMWWMPPMFFFFWWWFFWWMFMMPMPPPFFPFPFMPMMWMWWWMMWMPMFPFWPMMFWMWWWPMFFPPFFPMMPPFWMWPPMMPPMMPWPPMFMWMWMMFFFWWMWPMWPMPMMMPMWMP
MWWMPPPPMMPWMPPWMPMPPWWWPFMPFFPWMWPFMFFMFPPWMFMPFMPFMMMPWPWFWPMFFPWWPPPPWFPPPWFPFWPPPMWFWWMWFPFFMWFMFWFPFWMFFPWFPMMWFFPWWWPMFMPWWWWPFWMFWFFPPMFMMFPWFPMFPWWPMFPWMFWPMFPMFFMPMFMFPMPFMPFPMPFPWPWPPMPPWFWW
FFFWMMMPMPMPPFPPFFWPWWPPFMMPPMMFWMFWWMWPPFWMWPMPFWFWPFFFWPPFPMMMWMFMMFMFMPWWMFFFPMWPPFMMFMWFFPPFWFPWPPWFPWPMFFWFPFWMMMPPPFFMMFFPMMFPWFMPWPPFFPFFMWFWWFFWMMPWMFFMMWPMMPMMMPMWMFPWMMMPWWFWWMWWMWPPMWMMFMFP
FFPFWPWMPFMMMFPMFFWPMMWMMPMFWWPPWPPWFWMFWPWMMFWMFWWWWMPMFMFMPPWMMFWMFFMMFMWFWMWMFWPPPPFPMFFFWPWWWFFWPMMWMMMWFMPPFMPWWMPMWFFMFPFMPWWPFFFPWWPMFPWFWWMFFWFPWWFFWPPMWPWPMPFPFMWMWFWFMMPFWWMFPFFMPWWPMFPPMWMF
PMMWPFPWMFWMFPFMPPPWWFMMWPMMPFMPWFFPFWFMPFMMFPPWMFMWMFFMFPPWPMPMPPPWFMFPFMFWWMFMPFFPPWPMFMWFMWMPFFMFFPMPFMWWMMFWMWWWWPPFPWPWPMMWWFFPPMWFFPWMPFWMPWFPWFFPWMWFPFWFMPPWFMMMFFPWPFFMFPFMMPFWPMWFPWWMMPMMPPMF
MFFPWMFMMWPFWPWWFFWMMMMPFFPPWPFWMPMWFPPWPMMWWMWMPPPWPMPPWMFPFWFFPPFWPMFWMWPWMMPFPMFPWWPFPFFWMWWMPWMPPPMFMWPFPMWPWWWFFWMFFMMPWFWWWMMWPFPFPWFFMFPPPPFWPMPWWMWMFMMPPWWPMFFMFMWWMMPMFPPFWPPWPPWFMWFMPWMMPMPF
FWPFPMMMWPPPMFPFWWMFWMMPMMMWMMPMWMWMWMPMPPFFWFPPPMFWWFPMPPPFFPWMPFWMMWWFMPWPMFFFWPWFMWFMPMPWPFMMMWWPPPMFFWWWPPPMMWFMPPFPPMFFMPMWWPFMMWPFMFFPFWFFWFWFPMMPFPMWWMMWPMFFPFPPWWMFWFWFFFFWMPPPWPWWMWPPFPFMPWFF
PFFFFMWWPFWWFFFFFPMPMPFWWMPMWPPMFMFWPPFPFFMPMWMWWWPFPWMFFFWPMWFPWFPFFFMFFWFFFFMMPPWPFFWMPMWMWMMMMMMWWWPPFPWPWWMFFPWFPMMWFWWWWPMFWFMWWFPMPFWFWPPWPWFFFMWMPPPPPMPWMFFMMPMMPFPWMPMMFMFWFMMMWPPFFMMMWWFFMMWW
PFFPWMWWMFFMFPMWWWFFPWFMMMPPWWFWFFWWMPPFPWFFPFWFPPMMFPMFWPWWWPWPPWPWFPPWFFWMPWWFWMWMMMMWMFMFPFFPPMFMMWMPMWPWMPFWWMFWWMPMWMPWWPFFWPFFMWFWWFFWMFMPMFFFFMWWWMWFWMFFPFWWWWMWMPWFPFFFWFMMMMPWFPMPMWFFMPPPFWPW
